=== uname ===
Linux cursor 6.12.58+ #1 SMP PREEMPT_DYNAMIC Fri Feb  6 01:59:30 UTC 2026 x86_64 x86_64 x86_64 GNU/Linux

=== os-release ===
PRETTY_NAME="Ubuntu 24.04.4 LTS"
NAME="Ubuntu"
VERSION_ID="24.04"
VERSION="24.04.4 LTS (Noble Numbat)"
VERSION_CODENAME=noble
ID=ubuntu
ID_LIKE=debian
HOME_URL="https://www.ubuntu.com/"
SUPPORT_URL="https://help.ubuntu.com/"
BUG_REPORT_URL="https://bugs.launchpad.net/ubuntu/"
PRIVACY_POLICY_URL="https://www.ubuntu.com/legal/terms-and-policies/privacy-policy"
UBUNTU_CODENAME=noble
LOGO=ubuntu-logo

=== uptime ===
 19:31:08 up 20:53,  0 user,  load average: 0.03, 0.02, 0.00

=== df -h ===
Filesystem      Size  Used Avail Use% Mounted on
overlay         126G   12G  109G  10% /
tmpfs            64M     0   64M   0% /dev
tmpfs           7.9G     0  7.9G   0% /sys/fs/cgroup
shm              64M     0   64M   0% /dev/shm
/dev/root       126G   12G  109G  10% /etc/hosts

=== free -h ===
               total        used        free      shared  buff/cache   available
Mem:            15Gi       1.7Gi       4.8Gi        46Mi       9.5Gi        13Gi
Swap:             0B          0B          0B
